[{"type":"sourcecred/project","version":"0.5.0"},{"discourseServer":null,"id":"sourcecred-test/example-github","identities":[],"initiatives":null,"repoIds":[{"name":"example-github","owner":"sourcecred-test"}]}]